[cdistasi@mercury1 cole_distasio_hw5]$ ./mic1 prom_mrd.dat a5.o 0 1000

Read in 152 micro instructions
Read in 207 machine instructions
Read in 0 symbol table entries
Starting PC is : 0000000000000000  base 10:       0
Starting SP is : 0000001111101000  base 10:    1000

PLEASE ENTER AN INTEGER BETWEEN 1 AND 32767
235
PLEASE ENTER AN INTEGER BETWEEN 1 AND 32767
0
THE SUM OF THESE INTEGERS IS:
235         ***** NOTE - Correct answer

ProgramCounter : 0000000000000100  , or     4  or signed      4
Accumulator    : 0000000000000000  , or     0  or signed      0 ***** NOTE - 0 indicates successful addition
InstructionReg : 1111111111000000  , or 65472  or signed    -64
TempInstr      : 1000000000000000  , or 32768  or signed -32768
StackPointer   : 0000001111100111  , or   999  or signed    999
ARegister      : 1111111111110101  , or 65525  or signed    -11
BRegister      : 1111111111110110  , or 65526  or signed    -10
CRegister      : 0000000000000000  , or     0  or signed      0
DRegister      : 0000000000000010  , or     2  or signed      2
ERegister      : 0000000000000000  , or     0  or signed      0
FRegister      : 0000000000000000  , or     0  or signed      0

MicroPC        : 151
Total cycles   : 877415

[cdistasi@mercury1 cole_distasio_hw5]$ ./mic1 prom_mrd.dat a5.o 0 1000

Read in 152 micro instructions
Read in 207 machine instructions
Read in 0 symbol table entries
Starting PC is : 0000000000000000  base 10:       0
Starting SP is : 0000001111101000  base 10:    1000

PLEASE ENTER AN INTEGER BETWEEN 1 AND 32767
16341
PLEASE ENTER AN INTEGER BETWEEN 1 AND 32767
957
THE SUM OF THESE INTEGERS IS:
17298               ***** NOTE - Correct answer

ProgramCounter : 0000000000000100  , or     4  or signed      4
Accumulator    : 0000000000000000  , or     0  or signed      0 ***** NOTE - 0 indicates successful addition
InstructionReg : 1111111111000000  , or 65472  or signed    -64
TempInstr      : 1000000000000000  , or 32768  or signed -32768
StackPointer   : 0000001111100111  , or   999  or signed    999
ARegister      : 1111111111110101  , or 65525  or signed    -11
BRegister      : 1111111111110110  , or 65526  or signed    -10
CRegister      : 0000000000000000  , or     0  or signed      0
DRegister      : 0000000000000001  , or     1  or signed      1
ERegister      : 0000000000000000  , or     0  or signed      0
FRegister      : 0000000000000000  , or     0  or signed      0

MicroPC        : 151
Total cycles   : 5831970

[cdistasi@mercury1 cole_distasio_hw5]$ ./mic1 prom_mrd.dat a5.o 0 1000

Read in 152 micro instructions
Read in 207 machine instructions
Read in 0 symbol table entries
Starting PC is : 0000000000000000  base 10:       0
Starting SP is : 0000001111101000  base 10:    1000

PLEASE ENTER AN INTEGER BETWEEN 1 AND 32767
23786
PLEASE ENTER AN INTEGER BETWEEN 1 AND 32767
12400
THE SUM OF THESE INTEGERS IS:
OVERFLOW, NO SUM POSSIBLE       ***** NOTE - Overflow results in NaN result. Shows user error

ProgramCounter : 0000000000000100  , or     4  or signed      4
Accumulator    : 1111111111111111  , or 65535  or signed     -1 ***** NOTE - 1 indicates failed addition
InstructionReg : 1111111111000000  , or 65472  or signed    -64
TempInstr      : 1000000000000000  , or 32768  or signed -32768
StackPointer   : 0000001111100111  , or   999  or signed    999
ARegister      : 0000000000000001  , or     1  or signed      1
BRegister      : 1111111111111111  , or 65535  or signed     -1
CRegister      : 0000000000000000  , or     0  or signed      0
DRegister      : 0011000001110000  , or 12400  or signed  12400
ERegister      : 0000000000000000  , or     0  or signed      0
FRegister      : 0000000000000000  , or     0  or signed      0

MicroPC        : 151
Total cycles   : 4048953

[cdistasi@mercury1 cole_distasio_hw5]$ ./mic1 prom_mrd.dat a5.o 0 1000

Read in 152 micro instructions
Read in 207 machine instructions
Read in 0 symbol table entries
Starting PC is : 0000000000000000  base 10:       0
Starting SP is : 0000001111101000  base 10:    1000

PLEASE ENTER AN INTEGER BETWEEN 1 AND 32767
12
PLEASE ENTER AN INTEGER BETWEEN 1 AND 32767
23
THE SUM OF THESE INTEGERS IS:
35          ***** NOTE - Correct answer

ProgramCounter : 0000000000000100  , or     4  or signed      4
Accumulator    : 0000000000000000  , or     0  or signed      0 ***** NOTE - 0 indicates successful addition
InstructionReg : 1111111111000000  , or 65472  or signed    -64
TempInstr      : 1000000000000000  , or 32768  or signed -32768
StackPointer   : 0000001111100111  , or   999  or signed    999
ARegister      : 1111111111110101  , or 65525  or signed    -11
BRegister      : 1111111111110110  , or 65526  or signed    -10
CRegister      : 0000000000000000  , or     0  or signed      0
DRegister      : 0000000000000011  , or     3  or signed      3
ERegister      : 0000000000000000  , or     0  or signed      0
FRegister      : 0000000000000000  , or     0  or signed      0

MicroPC        : 151
Total cycles   : 1118503

[cdistasi@mercury1 cole_distasio_hw5]$ ./mic1 prom_mrd.dat a5.o 0 1000

Read in 152 micro instructions
Read in 207 machine instructions
Read in 0 symbol table entries
Starting PC is : 0000000000000000  base 10:       0
Starting SP is : 0000001111101000  base 10:    1000

PLEASE ENTER AN INTEGER BETWEEN 1 AND 32767
1
PLEASE ENTER AN INTEGER BETWEEN 1 AND 32767
1343
THE SUM OF THESE INTEGERS IS:
1344    ***** NOTE - Correct answer

ProgramCounter : 0000000000000100  , or     4  or signed      4
Accumulator    : 0000000000000000  , or     0  or signed      0 ***** NOTE - 0 indicates successful addition
InstructionReg : 1111111111000000  , or 65472  or signed    -64
TempInstr      : 1000000000000000  , or 32768  or signed -32768
StackPointer   : 0000001111100111  , or   999  or signed    999
ARegister      : 1111111111110101  , or 65525  or signed    -11
BRegister      : 1111111111110110  , or 65526  or signed    -10
CRegister      : 0000000000000000  , or     0  or signed      0
DRegister      : 0000000000000001  , or     1  or signed      1
ERegister      : 0000000000000000  , or     0  or signed      0
FRegister      : 0000000000000000  , or     0  or signed      0

MicroPC        : 151
Total cycles   : 1720328

